---
source: src/day10.rs
expression: solution.part2(demo_input)
---
"\n##..##..##..##..##..##..##..##..##..##..\n###...###...###...###...###...###...###.\n####....####....####....####....####....\n#####.....#####.....#####.....#####.....\n######......######......######......####\n#######.......#######.......#######....."
